Archive member included to satisfy reference by file (symbol)

c:/st/stm32cubeide_1.6.1/stm32cubeide/plugins/com.st.stm32cube.ide.mcu.externaltools.gnu-tools-for-stm32.9-2020-q2-update.win32_1.5.0.202011040924/tools/bin/../lib/gcc/arm-none-eabi/9.3.1/../../../../arm-none-eabi/lib/thumb/v7-m/nofp\libc_nano.a(lib_a-errno.o)
                              Core/Src/syscalls.o (__errno)
c:/st/stm32cubeide_1.6.1/stm32cubeide/plugins/com.st.stm32cube.ide.mcu.externaltools.gnu-tools-for-stm32.9-2020-q2-update.win32_1.5.0.202011040924/tools/bin/../lib/gcc/arm-none-eabi/9.3.1/../../../../arm-none-eabi/lib/thumb/v7-m/nofp\libc_nano.a(lib_a-exit.o)
                              c:/st/stm32cubeide_1.6.1/stm32cubeide/plugins/com.st.stm32cube.ide.mcu.externaltools.gnu-tools-for-stm32.9-2020-q2-update.win32_1.5.0.202011040924/tools/bin/../lib/gcc/arm-none-eabi/9.3.1/../../../../arm-none-eabi/lib/thumb/v7-m/nofp/crt0.o (exit)
c:/st/stm32cubeide_1.6.1/stm32cubeide/plugins/com.st.stm32cube.ide.mcu.externaltools.gnu-tools-for-stm32.9-2020-q2-update.win32_1.5.0.202011040924/tools/bin/../lib/gcc/arm-none-eabi/9.3.1/../../../../arm-none-eabi/lib/thumb/v7-m/nofp\libc_nano.a(lib_a-impure.o)
                              c:/st/stm32cubeide_1.6.1/stm32cubeide/plugins/com.st.stm32cube.ide.mcu.externaltools.gnu-tools-for-stm32.9-2020-q2-update.win32_1.5.0.202011040924/tools/bin/../lib/gcc/arm-none-eabi/9.3.1/../../../../arm-none-eabi/lib/thumb/v7-m/nofp\libc_nano.a(lib_a-exit.o) (_global_impure_ptr)
c:/st/stm32cubeide_1.6.1/stm32cubeide/plugins/com.st.stm32cube.ide.mcu.externaltools.gnu-tools-for-stm32.9-2020-q2-update.win32_1.5.0.202011040924/tools/bin/../lib/gcc/arm-none-eabi/9.3.1/../../../../arm-none-eabi/lib/thumb/v7-m/nofp\libc_nano.a(lib_a-init.o)
                              c:/st/stm32cubeide_1.6.1/stm32cubeide/plugins/com.st.stm32cube.ide.mcu.externaltools.gnu-tools-for-stm32.9-2020-q2-update.win32_1.5.0.202011040924/tools/bin/../lib/gcc/arm-none-eabi/9.3.1/../../../../arm-none-eabi/lib/thumb/v7-m/nofp/crt0.o (__libc_init_array)
c:/st/stm32cubeide_1.6.1/stm32cubeide/plugins/com.st.stm32cube.ide.mcu.externaltools.gnu-tools-for-stm32.9-2020-q2-update.win32_1.5.0.202011040924/tools/bin/../lib/gcc/arm-none-eabi/9.3.1/../../../../arm-none-eabi/lib/thumb/v7-m/nofp\libc_nano.a(lib_a-memset.o)
                              c:/st/stm32cubeide_1.6.1/stm32cubeide/plugins/com.st.stm32cube.ide.mcu.externaltools.gnu-tools-for-stm32.9-2020-q2-update.win32_1.5.0.202011040924/tools/bin/../lib/gcc/arm-none-eabi/9.3.1/../../../../arm-none-eabi/lib/thumb/v7-m/nofp/crt0.o (memset)
c:/st/stm32cubeide_1.6.1/stm32cubeide/plugins/com.st.stm32cube.ide.mcu.externaltools.gnu-tools-for-stm32.9-2020-q2-update.win32_1.5.0.202011040924/tools/bin/../lib/gcc/arm-none-eabi/9.3.1/../../../../arm-none-eabi/lib/thumb/v7-m/nofp\libc_nano.a(lib_a-strcmp.o)
                              Core/Src/main.o (strcmp)

Allocating common symbols
Common symbol       size              file

u8_uart_rx          0x8               Core/Src/main.o
hspi2               0x58              Core/Src/main.o
huart3              0x40              Core/Src/main.o
devicetemp          0x4               Core/Src/main.o
u8_uart_tx          0xb               Core/Src/main.o
uwTick              0x4               Drivers/STM32F1xx_HAL_Driver/Src/stm32f1xx_hal.o
pFlash              0x20              Drivers/STM32F1xx_HAL_Driver/Src/stm32f1xx_hal_flash.o
u8_modeLed          0x1               Core/Src/main.o
u8_spi_rx           0xb               Core/Src/main.o
hspi1               0x58              Core/Src/main.o
htim2               0x48              Core/Src/main.o
CardID              0x5               Core/Src/main.o

Discarded input sections

 .text          0x0000000000000000        0x0 c:/st/stm32cubeide_1.6.1/stm32cubeide/plugins/com.st.stm32cube.ide.mcu.externaltools.gnu-tools-for-stm32.9-2020-q2-update.win32_1.5.0.202011040924/tools/bin/../lib/gcc/arm-none-eabi/9.3.1/thumb/v7-m/nofp/crti.o
 .data          0x0000000000000000        0x0 c:/st/stm32cubeide_1.6.1/stm32cubeide/plugins/com.st.stm32cube.ide.mcu.externaltools.gnu-tools-for-stm32.9-2020-q2-update.win32_1.5.0.202011040924/tools/bin/../lib/gcc/arm-none-eabi/9.3.1/thumb/v7-m/nofp/crti.o
 .bss           0x0000000000000000        0x0 c:/st/stm32cubeide_1.6.1/stm32cubeide/plugins/com.st.stm32cube.ide.mcu.externaltools.gnu-tools-for-stm32.9-2020-q2-update.win32_1.5.0.202011040924/tools/bin/../lib/gcc/arm-none-eabi/9.3.1/thumb/v7-m/nofp/crti.o
 .data          0x0000000000000000        0x4 c:/st/stm32cubeide_1.6.1/stm32cubeide/plugins/com.st.stm32cube.ide.mcu.externaltools.gnu-tools-for-stm32.9-2020-q2-update.win32_1.5.0.202011040924/tools/bin/../lib/gcc/arm-none-eabi/9.3.1/thumb/v7-m/nofp/crtbegin.o
[...]
Memory Configuration

Name             Origin             Length             Attributes
RAM              0x0000000020000000 0x0000000000005000 xrw
FLASH            0x0000000008000000 0x0000000000010000 xr
*default*        0x0000000000000000 0xffffffffffffffff

Linker script and memory map

LOAD c:/st/stm32cubeide_1.6.1/stm32cubeide/plugins/com.st.stm32cube.ide.mcu.externaltools.gnu-tools-for-stm32.9-2020-q2-update.win32_1.5.0.202011040924/tools/bin/../lib/gcc/arm-none-eabi/9.3.1/thumb/v7-m/nofp/crti.o
LOAD c:/st/stm32cubeide_1.6.1/stm32cubeide/plugins/com.st.stm32cube.ide.mcu.externaltools.gnu-tools-for-stm32.9-2020-q2-update.win32_1.5.0.202011040924/tools/bin/../lib/gcc/arm-none-eabi/9.3.1/thumb/v7-m/nofp/crtbegin.o
LOAD c:/st/stm32cubeide_1.6.1/stm32cubeide/plugins/com.st.stm32cube.ide.mcu.externaltools.gnu-tools-for-stm32.9-2020-q2-update.win32_1.5.0.202011040924/tools/bin/../lib/gcc/arm-none-eabi/9.3.1/../../../../arm-none-eabi/lib/thumb/v7-m/nofp/crt0.o
LOAD Core/Src/main.o
LOAD Core/Src/rc522.o
LOAD Core/Src/stm32f1xx_hal_msp.o
LOAD Core/Src/stm32f1xx_it.o
LOAD Core/Src/syscalls.o
LOAD Core/Src/sysmem.o
LOAD Core/Src/system_stm32f1xx.o
LOAD Core/Startup/startup_stm32f103c8tx.o
LOAD Drivers/STM32F1xx_HAL_Driver/Src/stm32f1xx_hal.o
LOAD Drivers/STM32F1xx_HAL_Driver/Src/stm32f1xx_hal_cortex.o
LOAD Drivers/STM32F1xx_HAL_Driver/Src/stm32f1xx_hal_dma.o
LOAD Drivers/STM32F1xx_HAL_Driver/Src/stm32f1xx_hal_exti.o
LOAD Drivers/STM32F1xx_HAL_Driver/Src/stm32f1xx_hal_flash.o
LOAD Drivers/STM32F1xx_HAL_Driver/Src/stm32f1xx_hal_flash_ex.o
LOAD Drivers/STM32F1xx_HAL_Driver/Src/stm32f1xx_hal_gpio.o
LOAD Drivers/STM32F1xx_HAL_Driver/Src/stm32f1xx_hal_gpio_ex.o
LOAD Drivers/STM32F1xx_HAL_Driver/Src/stm32f1xx_hal_pwr.o
LOAD Drivers/STM32F1xx_HAL_Driver/Src/stm32f1xx_hal_rcc.o
LOAD Drivers/STM32F1xx_HAL_Driver/Src/stm32f1xx_hal_rcc_ex.o
LOAD Drivers/STM32F1xx_HAL_Driver/Src/stm32f1xx_hal_spi.o
LOAD Drivers/STM32F1xx_HAL_Driver/Src/stm32f1xx_hal_tim.o
LOAD Drivers/STM32F1xx_HAL_Driver/Src/stm32f1xx_hal_tim_ex.o
LOAD Drivers/STM32F1xx_HAL_Driver/Src/stm32f1xx_hal_uart.o
START GROUP
LOAD c:/st/stm32cubeide_1.6.1/stm32cubeide/plugins/com.st.stm32cube.ide.mcu.externaltools.gnu-tools-for-stm32.9-2020-q2-update.win32_1.5.0.202011040924/tools/bin/../lib/gcc/arm-none-eabi/9.3.1/../../../../arm-none-eabi/lib/thumb/v7-m/nofp\libc_nano.a
LOAD c:/st/stm32cubeide_1.6.1/stm32cubeide/plugins/com.st.stm32cube.ide.mcu.externaltools.gnu-tools-for-stm32.9-2020-q2-update.win32_1.5.0.202011040924/tools/bin/../lib/gcc/arm-none-eabi/9.3.1/../../../../arm-none-eabi/lib/thumb/v7-m/nofp\libm.a
END GROUP
START GROUP
LOAD c:/st/stm32cubeide_1.6.1/stm32cubeide/plugins/com.st.stm32cube.ide.mcu.externaltools.gnu-tools-for-stm32.9-2020-q2-update.win32_1.5.0.202011040924/tools/bin/../lib/gcc/arm-none-eabi/9.3.1/thumb/v7-m/nofp\libgcc.a
LOAD c:/st/stm32cubeide_1.6.1/stm32cubeide/plugins/com.st.stm32cube.ide.mcu.externaltools.gnu-tools-for-stm32.9-2020-q2-update.win32_1.5.0.202011040924/tools/bin/../lib/gcc/arm-none-eabi/9.3.1/../../../../arm-none-eabi/lib/thumb/v7-m/nofp\libc_nano.a
END GROUP
START GROUP
LOAD c:/st/stm32cubeide_1.6.1/stm32cubeide/plugins/com.st.stm32cube.ide.mcu.externaltools.gnu-tools-for-stm32.9-2020-q2-update.win32_1.5.0.202011040924/tools/bin/../lib/gcc/arm-none-eabi/9.3.1/thumb/v7-m/nofp\libgcc.a
LOAD c:/st/stm32cubeide_1.6.1/stm32cubeide/plugins/com.st.stm32cube.ide.mcu.externaltools.gnu-tools-for-stm32.9-2020-q2-update.win32_1.5.0.202011040924/tools/bin/../lib/gcc/arm-none-eabi/9.3.1/../../../../arm-none-eabi/lib/thumb/v7-m/nofp\libc_nano.a
LOAD c:/st/stm32cubeide_1.6.1/stm32cubeide/plugins/com.st.stm32cube.ide.mcu.externaltools.gnu-tools-for-stm32.9-2020-q2-update.win32_1.5.0.202011040924/tools/bin/../lib/gcc/arm-none-eabi/9.3.1/../../../../arm-none-eabi/lib/thumb/v7-m/nofp\libnosys.a
END GROUP
START GROUP
LOAD c:/st/stm32cubeide_1.6.1/stm32cubeide/plugins/com.st.stm32cube.ide.mcu.externaltools.gnu-tools-for-stm32.9-2020-q2-update.win32_1.5.0.202011040924/tools/bin/../lib/gcc/arm-none-eabi/9.3.1/thumb/v7-m/nofp\libgcc.a
LOAD c:/st/stm32cubeide_1.6.1/stm32cubeide/plugins/com.st.stm32cube.ide.mcu.externaltools.gnu-tools-for-stm32.9-2020-q2-update.win32_1.5.0.202011040924/tools/bin/../lib/gcc/arm-none-eabi/9.3.1/../../../../arm-none-eabi/lib/thumb/v7-m/nofp\libc_nano.a
LOAD c:/st/stm32cubeide_1.6.1/stm32cubeide/plugins/com.st.stm32cube.ide.mcu.externaltools.gnu-tools-for-stm32.9-2020-q2-update.win32_1.5.0.202011040924/tools/bin/../lib/gcc/arm-none-eabi/9.3.1/../../../../arm-none-eabi/lib/thumb/v7-m/nofp\libnosys.a
END GROUP
LOAD c:/st/stm32cubeide_1.6.1/stm32cubeide/plugins/com.st.stm32cube.ide.mcu.externaltools.gnu-tools-for-stm32.9-2020-q2-update.win32_1.5.0.202011040924/tools/bin/../lib/gcc/arm-none-eabi/9.3.1/thumb/v7-m/nofp/crtend.o
LOAD c:/st/stm32cubeide_1.6.1/stm32cubeide/plugins/com.st.stm32cube.ide.mcu.externaltools.gnu-tools-for-stm32.9-2020-q2-update.win32_1.5.0.202011040924/tools/bin/../lib/gcc/arm-none-eabi/9.3.1/thumb/v7-m/nofp/crtn.o
                0x0000000020005000                _estack = (ORIGIN (RAM) + LENGTH (RAM))
                0x0000000000000200                _Min_Heap_Size = 0x200
                0x0000000000000400                _Min_Stack_Size = 0x400

.isr_vector     0x0000000008000000      0x10c
                0x0000000008000000                . = ALIGN (0x4)
 *(.isr_vector)
 .isr_vector    0x0000000008000000      0x10c Core/Startup/startup_stm32f103c8tx.o
                0x0000000008000000                g_pfnVectors
                0x000000000800010c                . = ALIGN (0x4)

.text           0x000000000800010c     0x3c10
                0x000000000800010c                . = ALIGN (0x4)
 *(.text)
 .text          0x000000000800010c       0x40 c:/st/stm32cubeide_1.6.1/stm32cubeide/plugins/com.st.stm32cube.ide.mcu.externaltools.gnu-tools-for-stm32.9-2020-q2-update.win32_1.5.0.202011040924/tools/bin/../lib/gcc/arm-none-eabi/9.3.1/thumb/v7-m/nofp/crtbegin.o
 .text          0x000000000800014c       0x14 c:/st/stm32cubeide_1.6.1/stm32cubeide/plugins/com.st.stm32cube.ide.mcu.externaltools.gnu-tools-for-stm32.9-2020-q2-update.win32_1.5.0.202011040924/tools/bin/../lib/gcc/arm-none-eabi/9.3.1/../../../../arm-none-eabi/lib/thumb/v7-m/nofp\libc_nano.a(lib_a-strcmp.o)
                0x000000000800014c                strcmp
 *(.text*)
 .text.HAL_UART_RxCpltCallback
                0x0000000008000160      0x1fc Core/Src/main.o
                0x0000000008000160                HAL_UART_RxCpltCallback
 .text.HAL_TIM_PeriodElapsedCallback
                0x000000000800035c       0xcc Core/Src/main.o
                0x000000000800035c                HAL_TIM_PeriodElapsedCallback
 .text.TxUARTSetup
                0x0000000008000428       0xb8 Core/Src/main.o
                0x0000000008000428                TxUARTSetup
 .text.TxSPISetup
                0x00000000080004e0      0x128 Core/Src/main.o
                0x00000000080004e0                TxSPISetup
 .text.RxSPISetup
                0x0000000008000608       0x44 Core/Src/main.o
                0x0000000008000608                RxSPISetup
 .text.main     0x000000000800064c      0x100 Core/Src/main.o
                0x000000000800064c                main
 .text.SystemClock_Config
                0x000000000800074c       0x8a Core/Src/main.o
                0x000000000800074c                SystemClock_Config
 .text.MX_NVIC_Init
                0x00000000080007d6       0x38 Core/Src/main.o
 *fill*         0x000000000800080e        0x2 
 .text.MX_SPI1_Init
                0x0000000008000810       0x6c Core/Src/main.o
 .text.MX_SPI2_Init
                0x000000000800087c       0x6c Core/Src/main.o
 .text.MX_TIM2_Init
                0x00000000080008e8       0x9c Core/Src/main.o
 .text.MX_USART3_UART_Init
                0x0000000008000984       0x54 Core/Src/main.o
 .text.MX_GPIO_Init
                0x00000000080009d8      0x104 Core/Src/main.o
 .text.Error_Handler
                0x0000000008000adc        0xa Core/Src/main.o
                0x0000000008000adc                Error_Handler
 *fill*         0x0000000008000ae6        0x2 
 .text.SPI1SendByte
                0x0000000008000ae8       0x30 Core/Src/rc522.o
                0x0000000008000ae8                SPI1SendByte
 .text.SPI1_WriteReg
                0x0000000008000b18       0x40 Core/Src/rc522.o
                0x0000000008000b18                SPI1_WriteReg
 .text.SPI1_ReadReg
                0x0000000008000b58       0x40 Core/Src/rc522.o
                0x0000000008000b58                SPI1_ReadReg
 .text.MFRC522_WriteRegister
                0x0000000008000b98       0x30 Core/Src/rc522.o
                0x0000000008000b98                MFRC522_WriteRegister
 .text.MFRC522_ReadRegister
                0x0000000008000bc8       0x34 Core/Src/rc522.o
                0x0000000008000bc8                MFRC522_ReadRegister
 .text.MFRC522_Check
                0x0000000008000bfc       0x32 Core/Src/rc522.o
                0x0000000008000bfc                MFRC522_Check
 .text.MFRC522_Compare
                0x0000000008000c2e       0x40 Core/Src/rc522.o
                0x0000000008000c2e                MFRC522_Compare
 .text.MFRC522_SetBitMask
                0x0000000008000c6e       0x34 Core/Src/rc522.o
                0x0000000008000c6e                MFRC522_SetBitMask
 .text.MFRC522_ClearBitMask
                0x0000000008000ca2       0x3c Core/Src/rc522.o
                0x0000000008000ca2                MFRC522_ClearBitMask
 .text.MFRC522_Request
                0x0000000008000cde       0x4a Core/Src/rc522.o
                0x0000000008000cde                MFRC522_Request
 .text.MFRC522_ToCard
                0x0000000008000d28      0x19e Core/Src/rc522.o
                0x0000000008000d28                MFRC522_ToCard
 .text.MFRC522_Anticoll
                0x0000000008000ec6       0x7a Core/Src/rc522.o
                0x0000000008000ec6                MFRC522_Anticoll
 .text.MFRC522_CalculateCRC
                0x0000000008000f40       0x92 Core/Src/rc522.o
                0x0000000008000f40                MFRC522_CalculateCRC
 .text.MFRC522_Init
                0x0000000008000fd2       0x48 Core/Src/rc522.o
                0x0000000008000fd2                MFRC522_Init
 .text.MFRC522_Reset
                0x000000000800101a       0x10 Core/Src/rc522.o
                0x000000000800101a                MFRC522_Reset
 .text.MFRC522_AntennaOn
                0x000000000800102a       0x2a Core/Src/rc522.o
                0x000000000800102a                MFRC522_AntennaOn
 .text.MFRC522_Halt
                0x0000000008001054       0x36 Core/Src/rc522.o
                0x0000000008001054                MFRC522_Halt
 *fill*         0x000000000800108a        0x2 
 .text.HAL_MspInit
                0x000000000800108c       0x64 Core/Src/stm32f1xx_hal_msp.o
                0x000000000800108c                HAL_MspInit
 .text.HAL_SPI_MspInit
                0x00000000080010f0      0x10c Core/Src/stm32f1xx_hal_msp.o
                0x00000000080010f0                HAL_SPI_MspInit
 .text.HAL_TIM_Base_MspInit
                0x00000000080011fc       0x38 Core/Src/stm32f1xx_hal_msp.o
                0x00000000080011fc                HAL_TIM_Base_MspInit
 .text.HAL_UART_MspInit
                0x0000000008001234       0x98 Core/Src/stm32f1xx_hal_msp.o
                0x0000000008001234                HAL_UART_MspInit
 .text.NMI_Handler
                0x00000000080012cc        0x6 Core/Src/stm32f1xx_it.o
                0x00000000080012cc                NMI_Handler
 .text.HardFault_Handler
                0x00000000080012d2        0x6 Core/Src/stm32f1xx_it.o
                0x00000000080012d2                HardFault_Handler
 .text.MemManage_Handler
                0x00000000080012d8        0x6 Core/Src/stm32f1xx_it.o
                0x00000000080012d8                MemManage_Handler
 .text.BusFault_Handler
                0x00000000080012de        0x6 Core/Src/stm32f1xx_it.o
                0x00000000080012de                BusFault_Handler
 .text.UsageFault_Handler
                0x00000000080012e4        0x6 Core/Src/stm32f1xx_it.o
                0x00000000080012e4                UsageFault_Handler
 .text.SVC_Handler
                0x00000000080012ea        0xc Core/Src/stm32f1xx_it.o
                0x00000000080012ea                SVC_Handler
 .text.DebugMon_Handler
                0x00000000080012f6        0xc Core/Src/stm32f1xx_it.o
                0x00000000080012f6                DebugMon_Handler
 .text.PendSV_Handler
                0x0000000008001302        0xc Core/Src/stm32f1xx_it.o
                0x0000000008001302                PendSV_Handler
 .text.SysTick_Handler
                0x000000000800130e        0xc Core/Src/stm32f1xx_it.o
                0x000000000800130e                SysTick_Handler
 *fill*         0x000000000800131a        0x2 
 .text.TIM2_IRQHandler
                0x000000000800131c       0x14 Core/Src/stm32f1xx_it.o
                0x000000000800131c                TIM2_IRQHandler
 .text.SPI2_IRQHandler
                0x0000000008001330       0x14 Core/Src/stm32f1xx_it.o
                0x0000000008001330                SPI2_IRQHandler
 .text.USART3_IRQHandler
                0x0000000008001344       0x14 Core/Src/stm32f1xx_it.o
                0x0000000008001344                USART3_IRQHandler
 .text.SystemInit
                0x0000000008001358        0xc Core/Src/system_stm32f1xx.o
                0x0000000008001358                SystemInit
 .text.Reset_Handler
                0x0000000008001364       0x48 Core/Startup/startup_stm32f103c8tx.o
                0x0000000008001364                Reset_Handler
 .text.Default_Handler
                0x00000000080013ac        0x2 Core/Startup/startup_stm32f103c8tx.o
                0x00000000080013ac                RTC_Alarm_IRQHandler
                0x00000000080013ac                EXTI2_IRQHandler
                0x00000000080013ac                TIM1_CC_IRQHandler
                0x00000000080013ac                PVD_IRQHandler
                0x00000000080013ac                EXTI3_IRQHandler
                0x00000000080013ac                EXTI0_IRQHandler
                0x00000000080013ac                I2C2_EV_IRQHandler
                0x00000000080013ac                ADC1_2_IRQHandler
                0x00000000080013ac                SPI1_IRQHandler
                0x00000000080013ac                TAMPER_IRQHandler
                0x00000000080013ac                DMA1_Channel4_IRQHandler
                0x00000000080013ac                RTC_IRQHandler
                0x00000000080013ac                DMA1_Channel7_IRQHandler
                0x00000000080013ac                CAN1_RX1_IRQHandler
                0x00000000080013ac                TIM4_IRQHandler
                0x00000000080013ac                I2C1_EV_IRQHandler
                0x00000000080013ac                DMA1_Channel6_IRQHandler
                0x00000000080013ac                TIM3_IRQHandler
                0x00000000080013ac                RCC_IRQHandler
                0x00000000080013ac                TIM1_TRG_COM_IRQHandler
                0x00000000080013ac                DMA1_Channel1_IRQHandler
                0x00000000080013ac                Default_Handler
                0x00000000080013ac                EXTI15_10_IRQHandler
                0x00000000080013ac                EXTI9_5_IRQHandler
                0x00000000080013ac                DMA1_Channel5_IRQHandler
                0x00000000080013ac                EXTI4_IRQHandler
                0x00000000080013ac                USB_LP_CAN1_RX0_IRQHandler
                0x00000000080013ac                USB_HP_CAN1_TX_IRQHandler
                0x00000000080013ac                DMA1_Channel3_IRQHandler
                0x00000000080013ac                TIM1_UP_IRQHandler
                0x00000000080013ac                WWDG_IRQHandler
                0x00000000080013ac                TIM1_BRK_IRQHandler
                0x00000000080013ac                EXTI1_IRQHandler
                0x00000000080013ac                USART2_IRQHandler
                0x00000000080013ac                I2C2_ER_IRQHandler
                0x00000000080013ac                DMA1_Channel2_IRQHandler
                0x00000000080013ac                CAN1_SCE_IRQHandler
                0x00000000080013ac                FLASH_IRQHandler
                0x00000000080013ac                USART1_IRQHandler
                0x00000000080013ac                I2C1_ER_IRQHandler
                0x00000000080013ac                USBWakeUp_IRQHandler
 *fill*         0x00000000080013ae        0x2 
 .text.HAL_Init
                0x00000000080013b0       0x2c Drivers/STM32F1xx_HAL_Driver/Src/stm32f1xx_hal.o
                0x00000000080013b0                HAL_Init
 .text.HAL_InitTick
                0x00000000080013dc       0x60 Drivers/STM32F1xx_HAL_Driver/Src/stm32f1xx_hal.o
                0x00000000080013dc                HAL_InitTick
 .text.HAL_IncTick
                0x000000000800143c       0x24 Drivers/STM32F1xx_HAL_Driver/Src/stm32f1xx_hal.o
                0x000000000800143c                HAL_IncTick
 .text.HAL_GetTick
                0x0000000008001460       0x14 Drivers/STM32F1xx_HAL_Driver/Src/stm32f1xx_hal.o
                0x0000000008001460                HAL_GetTick
 .text.HAL_Delay
                0x0000000008001474       0x48 Drivers/STM32F1xx_HAL_Driver/Src/stm32f1xx_hal.o
                0x0000000008001474                HAL_Delay
 .text.__NVIC_SetPriorityGrouping
                0x00000000080014bc       0x48 Drivers/STM32F1xx_HAL_Driver/Src/stm32f1xx_hal_cortex.o
 .text.__NVIC_GetPriorityGrouping
                0x0000000008001504       0x1c Drivers/STM32F1xx_HAL_Driver/Src/stm32f1xx_hal_cortex.o
 .text.__NVIC_EnableIRQ
                0x0000000008001520       0x38 Drivers/STM32F1xx_HAL_Driver/Src/stm32f1xx_hal_cortex.o
 .text.__NVIC_SetPriority
                0x0000000008001558       0x54 Drivers/STM32F1xx_HAL_Driver/Src/stm32f1xx_hal_cortex.o
 .text.NVIC_EncodePriority
                0x00000000080015ac       0x64 Drivers/STM32F1xx_HAL_Driver/Src/stm32f1xx_hal_cortex.o
 .text.SysTick_Config
                0x0000000008001610       0x44 Drivers/STM32F1xx_HAL_Driver/Src/stm32f1xx_hal_cortex.o
 .text.HAL_NVIC_SetPriorityGrouping
                0x0000000008001654       0x16 Drivers/STM32F1xx_HAL_Driver/Src/stm32f1xx_hal_cortex.o
                0x0000000008001654                HAL_NVIC_SetPriorityGrouping
 .text.HAL_NVIC_SetPriority
                0x000000000800166a       0x38 Drivers/STM32F1xx_HAL_Driver/Src/stm32f1xx_hal_cortex.o
                0x000000000800166a                HAL_NVIC_SetPriority
 .text.HAL_NVIC_EnableIRQ
                0x00000000080016a2       0x1c Drivers/STM32F1xx_HAL_Driver/Src/stm32f1xx_hal_cortex.o
                0x00000000080016a2                HAL_NVIC_EnableIRQ
 .text.HAL_SYSTICK_Config
                0x00000000080016be       0x18 Drivers/STM32F1xx_HAL_Driver/Src/stm32f1xx_hal_cortex.o
                0x00000000080016be                HAL_SYSTICK_Config
 *fill*         0x00000000080016d6        0x2 
 .text.HAL_DMA_Abort_IT
                0x00000000080016d8       0xec Drivers/STM32F1xx_HAL_Driver/Src/stm32f1xx_hal_dma.o
                0x00000000080016d8                HAL_DMA_Abort_IT
 .text.HAL_GPIO_Init
                0x00000000080017c4      0x308 Drivers/STM32F1xx_HAL_Driver/Src/stm32f1xx_hal_gpio.o
                0x00000000080017c4                HAL_GPIO_Init
 .text.HAL_GPIO_WritePin
                0x0000000008001acc       0x30 Drivers/STM32F1xx_HAL_Driver/Src/stm32f1xx_hal_gpio.o
                0x0000000008001acc                HAL_GPIO_WritePin
 .text.HAL_GPIO_TogglePin
                0x0000000008001afc       0x32 Drivers/STM32F1xx_HAL_Driver/Src/stm32f1xx_hal_gpio.o
                0x0000000008001afc                HAL_GPIO_TogglePin
 *fill*         0x0000000008001b2e        0x2 
 .text.HAL_RCC_OscConfig
                0x0000000008001b30      0x500 Drivers/STM32F1xx_HAL_Driver/Src/stm32f1xx_hal_rcc.o
                0x0000000008001b30                HAL_RCC_OscConfig
 .text.HAL_RCC_ClockConfig
                0x0000000008002030      0x1d4 Drivers/STM32F1xx_HAL_Driver/Src/stm32f1xx_hal_rcc.o
                0x0000000008002030                HAL_RCC_ClockConfig
 .text.HAL_RCC_GetSysClockFreq
                0x0000000008002204       0xc0 Drivers/STM32F1xx_HAL_Driver/Src/stm32f1xx_hal_rcc.o
                0x0000000008002204                HAL_RCC_GetSysClockFreq
 .text.HAL_RCC_GetHCLKFreq
                0x00000000080022c4       0x14 Drivers/STM32F1xx_HAL_Driver/Src/stm32f1xx_hal_rcc.o
                0x00000000080022c4                HAL_RCC_GetHCLKFreq
 .text.HAL_RCC_GetPCLK1Freq
                0x00000000080022d8       0x28 Drivers/STM32F1xx_HAL_Driver/Src/stm32f1xx_hal_rcc.o
                0x00000000080022d8                HAL_RCC_GetPCLK1Freq
 .text.HAL_RCC_GetPCLK2Freq
                0x0000000008002300       0x28 Drivers/STM32F1xx_HAL_Driver/Src/stm32f1xx_hal_rcc.o
                0x0000000008002300                HAL_RCC_GetPCLK2Freq
 .text.RCC_Delay
                0x0000000008002328       0x3c Drivers/STM32F1xx_HAL_Driver/Src/stm32f1xx_hal_rcc.o
 .text.HAL_SPI_Init
                0x0000000008002364      0x108 Drivers/STM32F1xx_HAL_Driver/Src/stm32f1xx_hal_spi.o
                0x0000000008002364                HAL_SPI_Init
 .text.HAL_SPI_Transmit
                0x000000000800246c      0x278 Drivers/STM32F1xx_HAL_Driver/Src/stm32f1xx_hal_spi.o
                0x000000000800246c                HAL_SPI_Transmit
 .text.HAL_SPI_TransmitReceive
                0x00000000080026e4      0x344 Drivers/STM32F1xx_HAL_Driver/Src/stm32f1xx_hal_spi.o
                0x00000000080026e4                HAL_SPI_TransmitReceive
 .text.HAL_SPI_IRQHandler
                0x0000000008002a28      0x1cc Drivers/STM32F1xx_HAL_Driver/Src/stm32f1xx_hal_spi.o
                0x0000000008002a28                HAL_SPI_IRQHandler
 .text.HAL_SPI_ErrorCallback
                0x0000000008002bf4       0x12 Drivers/STM32F1xx_HAL_Driver/Src/stm32f1xx_hal_spi.o
                0x0000000008002bf4                HAL_SPI_ErrorCallback
 .text.SPI_DMAAbortOnError
                0x0000000008002c06       0x28 Drivers/STM32F1xx_HAL_Driver/Src/stm32f1xx_hal_spi.o
 *fill*         0x0000000008002c2e        0x2 
 .text.SPI_WaitFlagStateUntilTimeout
                0x0000000008002c30      0x110 Drivers/STM32F1xx_HAL_Driver/Src/stm32f1xx_hal_spi.o
 .text.SPI_EndRxTxTransaction
                0x0000000008002d40       0x3c Drivers/STM32F1xx_HAL_Driver/Src/stm32f1xx_hal_spi.o
 .text.HAL_TIM_Base_Init
                0x0000000008002d7c       0x9e Drivers/STM32F1xx_HAL_Driver/Src/stm32f1xx_hal_tim.o
                0x0000000008002d7c                HAL_TIM_Base_Init
 *fill*         0x0000000008002e1a        0x2 
 .text.HAL_TIM_Base_Start_IT
                0x0000000008002e1c       0xa4 Drivers/STM32F1xx_HAL_Driver/Src/stm32f1xx_hal_tim.o
                0x0000000008002e1c                HAL_TIM_Base_Start_IT
 .text.HAL_TIM_IRQHandler
                0x0000000008002ec0      0x210 Drivers/STM32F1xx_HAL_Driver/Src/stm32f1xx_hal_tim.o
                0x0000000008002ec0                HAL_TIM_IRQHandler
 .text.HAL_TIM_ConfigClockSource
                0x00000000080030d0      0x188 Drivers/STM32F1xx_HAL_Driver/Src/stm32f1xx_hal_tim.o
                0x00000000080030d0                HAL_TIM_ConfigClockSource
 .text.HAL_TIM_OC_DelayElapsedCallback
                0x0000000008003258       0x12 Drivers/STM32F1xx_HAL_Driver/Src/stm32f1xx_hal_tim.o
                0x0000000008003258                HAL_TIM_OC_DelayElapsedCallback
 .text.HAL_TIM_IC_CaptureCallback
                0x000000000800326a       0x12 Drivers/STM32F1xx_HAL_Driver/Src/stm32f1xx_hal_tim.o
                0x000000000800326a                HAL_TIM_IC_CaptureCallback
 .text.HAL_TIM_PWM_PulseFinishedCallback
                0x000000000800327c       0x12 Drivers/STM32F1xx_HAL_Driver/Src/stm32f1xx_hal_tim.o
                0x000000000800327c                HAL_TIM_PWM_PulseFinishedCallback
 .text.HAL_TIM_TriggerCallback
                0x000000000800328e       0x12 Drivers/STM32F1xx_HAL_Driver/Src/stm32f1xx_hal_tim.o
                0x000000000800328e                HAL_TIM_TriggerCallback
 .text.TIM_Base_SetConfig
                0x00000000080032a0       0xc4 Drivers/STM32F1xx_HAL_Driver/Src/stm32f1xx_hal_tim.o
                0x00000000080032a0                TIM_Base_SetConfig
 .text.TIM_TI1_ConfigInputStage
                0x0000000008003364       0x5c Drivers/STM32F1xx_HAL_Driver/Src/stm32f1xx_hal_tim.o
 .text.TIM_TI2_ConfigInputStage
                0x00000000080033c0       0x5e Drivers/STM32F1xx_HAL_Driver/Src/stm32f1xx_hal_tim.o
 .text.TIM_ITRx_SetConfig
                0x000000000800341e       0x34 Drivers/STM32F1xx_HAL_Driver/Src/stm32f1xx_hal_tim.o
 .text.TIM_ETR_SetConfig
                0x0000000008003452       0x3e Drivers/STM32F1xx_HAL_Driver/Src/stm32f1xx_hal_tim.o
                0x0000000008003452                TIM_ETR_SetConfig
 .text.HAL_TIMEx_MasterConfigSynchronization
                0x0000000008003490       0xbc Drivers/STM32F1xx_HAL_Driver/Src/stm32f1xx_hal_tim_ex.o
                0x0000000008003490                HAL_TIMEx_MasterConfigSynchronization
 .text.HAL_TIMEx_CommutCallback
                0x000000000800354c       0x12 Drivers/STM32F1xx_HAL_Driver/Src/stm32f1xx_hal_tim_ex.o
                0x000000000800354c                HAL_TIMEx_CommutCallback
 .text.HAL_TIMEx_BreakCallback
                0x000000000800355e       0x12 Drivers/STM32F1xx_HAL_Driver/Src/stm32f1xx_hal_tim_ex.o
                0x000000000800355e                HAL_TIMEx_BreakCallback
 .text.HAL_UART_Init
                0x0000000008003570       0x9a Drivers/STM32F1xx_HAL_Driver/Src/stm32f1xx_hal_uart.o
                0x0000000008003570                HAL_UART_Init
 .text.HAL_UART_Transmit_IT
                0x000000000800360a       0x88 Drivers/STM32F1xx_HAL_Driver/Src/stm32f1xx_hal_uart.o
                0x000000000800360a                HAL_UART_Transmit_IT
 .text.HAL_UART_Receive_IT
                0x0000000008003692       0xa8 Drivers/STM32F1xx_HAL_Driver/Src/stm32f1xx_hal_uart.o
                0x0000000008003692                HAL_UART_Receive_IT
 *fill*         0x000000000800373a        0x2 
 .text.HAL_UART_IRQHandler
                0x000000000800373c      0x200 Drivers/STM32F1xx_HAL_Driver/Src/stm32f1xx_hal_uart.o
                0x000000000800373c                HAL_UART_IRQHandler
 .text.HAL_UART_TxCpltCallback
                0x000000000800393c       0x12 Drivers/STM32F1xx_HAL_Driver/Src/stm32f1xx_hal_uart.o
                0x000000000800393c                HAL_UART_TxCpltCallback
 .text.HAL_UART_ErrorCallback
                0x000000000800394e       0x12 Drivers/STM32F1xx_HAL_Driver/Src/stm32f1xx_hal_uart.o
                0x000000000800394e                HAL_UART_ErrorCallback
 .text.UART_EndRxTransfer
                0x0000000008003960       0x3a Drivers/STM32F1xx_HAL_Driver/Src/stm32f1xx_hal_uart.o
 .text.UART_DMAAbortOnError
                0x000000000800399a       0x28 Drivers/STM32F1xx_HAL_Driver/Src/stm32f1xx_hal_uart.o
 .text.UART_Transmit_IT
                0x00000000080039c2       0x9e Drivers/STM32F1xx_HAL_Driver/Src/stm32f1xx_hal_uart.o
 .text.UART_EndTransmit_IT
                0x0000000008003a60       0x30 Drivers/STM32F1xx_HAL_Driver/Src/stm32f1xx_hal_uart.o
 .text.UART_Receive_IT
                0x0000000008003a90      0x100 Drivers/STM32F1xx_HAL_Driver/Src/stm32f1xx_hal_uart.o
 .text.UART_SetConfig
                0x0000000008003b90      0x11c Drivers/STM32F1xx_HAL_Driver/Src/stm32f1xx_hal_uart.o
 .text.__libc_init_array
                0x0000000008003cac       0x48 c:/st/stm32cubeide_1.6.1/stm32cubeide/plugins/com.st.stm32cube.ide.mcu.externaltools.gnu-tools-for-stm32.9-2020-q2-update.win32_1.5.0.202011040924/tools/bin/../lib/gcc/arm-none-eabi/9.3.1/../../../../arm-none-eabi/lib/thumb/v7-m/nofp\libc_nano.a(lib_a-init.o)
                0x0000000008003cac                __libc_init_array
 .text.memset   0x0000000008003cf4       0x10 c:/st/stm32cubeide_1.6.1/stm32cubeide/plugins/com.st.stm32cube.ide.mcu.externaltools.gnu-tools-for-stm32.9-2020-q2-update.win32_1.5.0.202011040924/tools/bin/../lib/gcc/arm-none-eabi/9.3.1/../../../../arm-none-eabi/lib/thumb/v7-m/nofp\libc_nano.a(lib_a-memset.o)
                0x0000000008003cf4                memset
 *(.glue_7)
 .glue_7        0x0000000008003d04        0x0 linker stubs
 *(.glue_7t)
 .glue_7t       0x0000000008003d04        0x0 linker stubs
 *(.eh_frame)
 .eh_frame      0x0000000008003d04        0x0 c:/st/stm32cubeide_1.6.1/stm32cubeide/plugins/com.st.stm32cube.ide.mcu.externaltools.gnu-tools-for-stm32.9-2020-q2-update.win32_1.5.0.202011040924/tools/bin/../lib/gcc/arm-none-eabi/9.3.1/thumb/v7-m/nofp/crtbegin.o
 *(.init)
 .init          0x0000000008003d04        0x4 c:/st/stm32cubeide_1.6.1/stm32cubeide/plugins/com.st.stm32cube.ide.mcu.externaltools.gnu-tools-for-stm32.9-2020-q2-update.win32_1.5.0.202011040924/tools/bin/../lib/gcc/arm-none-eabi/9.3.1/thumb/v7-m/nofp/crti.o
                0x0000000008003d04                _init
 .init          0x0000000008003d08        0x8 c:/st/stm32cubeide_1.6.1/stm32cubeide/plugins/com.st.stm32cube.ide.mcu.externaltools.gnu-tools-for-stm32.9-2020-q2-update.win32_1.5.0.202011040924/tools/bin/../lib/gcc/arm-none-eabi/9.3.1/thumb/v7-m/nofp/crtn.o
 *(.fini)
 .fini          0x0000000008003d10        0x4 c:/st/stm32cubeide_1.6.1/stm32cubeide/plugins/com.st.stm32cube.ide.mcu.externaltools.gnu-tools-for-stm32.9-2020-q2-update.win32_1.5.0.202011040924/tools/bin/../lib/gcc/arm-none-eabi/9.3.1/thumb/v7-m/nofp/crti.o
                0x0000000008003d10                _fini
 .fini          0x0000000008003d14        0x8 c:/st/stm32cubeide_1.6.1/stm32cubeide/plugins/com.st.stm32cube.ide.mcu.externaltools.gnu-tools-for-stm32.9-2020-q2-update.win32_1.5.0.202011040924/tools/bin/../lib/gcc/arm-none-eabi/9.3.1/thumb/v7-m/nofp/crtn.o
                0x0000000008003d1c                . = ALIGN (0x4)
                0x0000000008003d1c                _etext = .

.vfp11_veneer   0x0000000008003d1c        0x0
 .vfp11_veneer  0x0000000008003d1c        0x0 linker stubs

.v4_bx          0x0000000008003d1c        0x0
 .v4_bx         0x0000000008003d1c        0x0 linker stubs

.iplt           0x0000000008003d1c        0x0
 .iplt          0x0000000008003d1c        0x0 c:/st/stm32cubeide_1.6.1/stm32cubeide/plugins/com.st.stm32cube.ide.mcu.externaltools.gnu-tools-for-stm32.9-2020-q2-update.win32_1.5.0.202011040924/tools/bin/../lib/gcc/arm-none-eabi/9.3.1/thumb/v7-m/nofp/crtbegin.o

.rodata         0x0000000008003d1c       0x30
                0x0000000008003d1c                . = ALIGN (0x4)
 *(.rodata)
 .rodata        0x0000000008003d1c        0x7 Core/Src/main.o
 *fill*         0x0000000008003d23        0x1 
 .rodata        0x0000000008003d24       0x10 Drivers/STM32F1xx_HAL_Driver/Src/stm32f1xx_hal_rcc.o
 *(.rodata*)
 .rodata.AHBPrescTable
                0x0000000008003d34       0x10 Core/Src/system_stm32f1xx.o
                0x0000000008003d34                AHBPrescTable
 .rodata.APBPrescTable
                0x0000000008003d44        0x8 Core/Src/system_stm32f1xx.o
                0x0000000008003d44                APBPrescTable
                0x0000000008003d4c                . = ALIGN (0x4)

.rel.dyn        0x0000000008003d4c        0x0
 .rel.iplt      0x0000000008003d4c        0x0 c:/st/stm32cubeide_1.6.1/stm32cubeide/plugins/com.st.stm32cube.ide.mcu.externaltools.gnu-tools-for-stm32.9-2020-q2-update.win32_1.5.0.202011040924/tools/bin/../lib/gcc/arm-none-eabi/9.3.1/thumb/v7-m/nofp/crtbegin.o

.ARM.extab      0x0000000008003d4c        0x0
                0x0000000008003d4c                . = ALIGN (0x4)
 *(.ARM.extab* .gnu.linkonce.armextab.*)
                0x0000000008003d4c                . = ALIGN (0x4)

.ARM            0x0000000008003d4c        0x0
                0x0000000008003d4c                . = ALIGN (0x4)
                0x0000000008003d4c                __exidx_start = .
 *(.ARM.exidx*)
                0x0000000008003d4c                __exidx_end = .
                0x0000000008003d4c                . = ALIGN (0x4)

.preinit_array  0x0000000008003d4c        0x0
                0x0000000008003d4c                . = ALIGN (0x4)
                0x0000000008003d4c                PROVIDE (__preinit_array_start = .)
 *(.preinit_array*)
                0x0000000008003d4c                PROVIDE (__preinit_array_end = .)
                0x0000000008003d4c                . = ALIGN (0x4)

.init_array     0x0000000008003d4c        0x4
                0x0000000008003d4c                . = ALIGN (0x4)
                0x0000000008003d4c                PROVIDE (__init_array_start = .)
 *(SORT_BY_NAME(.init_array.*))
 *(.init_array*)
 .init_array    0x0000000008003d4c        0x4 c:/st/stm32cubeide_1.6.1/stm32cubeide/plugins/com.st.stm32cube.ide.mcu.externaltools.gnu-tools-for-stm32.9-2020-q2-update.win32_1.5.0.202011040924/tools/bin/../lib/gcc/arm-none-eabi/9.3.1/thumb/v7-m/nofp/crtbegin.o
                0x0000000008003d50                PROVIDE (__init_array_end = .)
                0x0000000008003d50                . = ALIGN (0x4)

.fini_array     0x0000000008003d50        0x4
                0x0000000008003d50                . = ALIGN (0x4)
                [!provide]                        PROVIDE (__fini_array_start = .)
 *(SORT_BY_NAME(.fini_array.*))
 *(.fini_array*)
 .fini_array    0x0000000008003d50        0x4 c:/st/stm32cubeide_1.6.1/stm32cubeide/plugins/com.st.stm32cube.ide.mcu.externaltools.gnu-tools-for-stm32.9-2020-q2-update.win32_1.5.0.202011040924/tools/bin/../lib/gcc/arm-none-eabi/9.3.1/thumb/v7-m/nofp/crtbegin.o
                [!provide]                        PROVIDE (__fini_array_end = .)
                0x0000000008003d54                . = ALIGN (0x4)
                0x0000000008003d54                _sidata = LOADADDR (.data)

.data           0x0000000020000000       0x28 load address 0x0000000008003d54
                0x0000000020000000                . = ALIGN (0x4)
                0x0000000020000000                _sdata = .
 *(.data)
 *(.data*)
 .data.u8_spi_tx
                0x0000000020000000        0xb Core/Src/main.o
                0x0000000020000000                u8_spi_tx
 .data.u8_device
                0x000000002000000b        0x1 Core/Src/main.o
                0x000000002000000b                u8_device
 .data.u8_LMdata
                0x000000002000000c        0x4 Core/Src/main.o
                0x000000002000000c                u8_LMdata
 .data.MyID     0x0000000020000010        0x5 Core/Src/main.o
                0x0000000020000010                MyID
 *fill*         0x0000000020000015        0x3 
 .data.auth     0x0000000020000018        0x1 Core/Src/main.o
                0x0000000020000018                auth
 *fill*         0x0000000020000019        0x3 
 .data.SystemCoreClock
                0x000000002000001c        0x4 Core/Src/system_stm32f1xx.o
                0x000000002000001c                SystemCoreClock
 .data.uwTickPrio
                0x0000000020000020        0x4 Drivers/STM32F1xx_HAL_Driver/Src/stm32f1xx_hal.o
                0x0000000020000020                uwTickPrio
 .data.uwTickFreq
                0x0000000020000024        0x1 Drivers/STM32F1xx_HAL_Driver/Src/stm32f1xx_hal.o
                0x0000000020000024                uwTickFreq
 *(.RamFunc)
 *(.RamFunc*)
                0x0000000020000028                . = ALIGN (0x4)
 *fill*         0x0000000020000025        0x3 
                0x0000000020000028                _edata = .

.igot.plt       0x0000000020000028        0x0 load address 0x0000000008003d7c
 .igot.plt      0x0000000020000028        0x0 c:/st/stm32cubeide_1.6.1/stm32cubeide/plugins/com.st.stm32cube.ide.mcu.externaltools.gnu-tools-for-stm32.9-2020-q2-update.win32_1.5.0.202011040924/tools/bin/../lib/gcc/arm-none-eabi/9.3.1/thumb/v7-m/nofp/crtbegin.o
                0x0000000020000028                . = ALIGN (0x4)

.bss            0x0000000020000028      0x18c load address 0x0000000008003d7c
                0x0000000020000028                _sbss = .
                0x0000000020000028                __bss_start__ = _sbss
 *(.bss)
 .bss           0x0000000020000028       0x1c c:/st/stm32cubeide_1.6.1/stm32cubeide/plugins/com.st.stm32cube.ide.mcu.externaltools.gnu-tools-for-stm32.9-2020-q2-update.win32_1.5.0.202011040924/tools/bin/../lib/gcc/arm-none-eabi/9.3.1/thumb/v7-m/nofp/crtbegin.o
 *(.bss*)
 .bss.u8_count_timer
                0x0000000020000044        0x1 Core/Src/main.o
                0x0000000020000044                u8_count_timer
 .bss.nfcFirst  0x0000000020000045        0x1 Core/Src/main.o
                0x0000000020000045                nfcFirst
 .bss.u8_auth_uart_command
                0x0000000020000046        0x1 Core/Src/main.o
                0x0000000020000046                u8_auth_uart_command
 *(COMMON)
 *fill*         0x0000000020000047        0x1 
 COMMON         0x0000000020000048      0x165 Core/Src/main.o
                0x0000000020000048                u8_uart_rx
                0x0000000020000050                hspi2
                0x00000000200000a8                huart3
                0x00000000200000e8                devicetemp
                0x00000000200000ec                u8_uart_tx
                0x00000000200000f8                u8_modeLed
                0x00000000200000fc                u8_spi_rx
                0x0000000020000108                hspi1
                0x0000000020000160                htim2
                0x00000000200001a8                CardID
 *fill*         0x00000000200001ad        0x3 
 COMMON         0x00000000200001b0        0x4 Drivers/STM32F1xx_HAL_Driver/Src/stm32f1xx_hal.o
                0x00000000200001b0                uwTick
                0x00000000200001b4                . = ALIGN (0x4)
                0x00000000200001b4                _ebss = .
                0x00000000200001b4                __bss_end__ = _ebss

._user_heap_stack
                0x00000000200001b4      0x604 load address 0x0000000008003d7c
                0x00000000200001b8                . = ALIGN (0x8)
 *fill*         0x00000000200001b4        0x4 
                [!provide]                        PROVIDE (end = .)
                0x00000000200001b8                PROVIDE (_end = .)
                0x00000000200003b8                . = (. + _Min_Heap_Size)
 *fill*         0x00000000200001b8      0x200 
                0x00000000200007b8                . = (. + _Min_Stack_Size)
 *fill*         0x00000000200003b8      0x400 
                0x00000000200007b8                . = ALIGN (0x8)

/DISCARD/
 libc.a(*)
 libm.a(*)
 libgcc.a(*)

.ARM.attributes
                0x0000000000000000       0x29
 *(.ARM.attributes)
 .ARM.attributes
                0x0000000000000000       0x1d c:/st/stm32cubeide_1.6.1/stm32cubeide/plugins/com.st.stm32cube.ide.mcu.externaltools.gnu-tools-for-stm32.9-2020-q2-update.win32_1.5.0.202011040924/tools/bin/../lib/gcc/arm-none-eabi/9.3.1/thumb/v7-m/nofp/crti.o
 .ARM.attributes
                0x000000000000001d       0x2d c:/st/stm32cubeide_1.6.1/stm32cubeide/plugins/com.st.stm32cube.ide.mcu.externaltools.gnu-tools-for-stm32.9-2020-q2-update.win32_1.5.0.202011040924/tools/bin/../lib/gcc/arm-none-eabi/9.3.1/thumb/v7-m/nofp/crtbegin.o
 .ARM.attributes
                0x000000000000004a       0x2d Core/Src/main.o
 .ARM.attributes
                0x0000000000000077       0x2d Core/Src/rc522.o
 .ARM.attributes
                0x00000000000000a4       0x2d Core/Src/stm32f1xx_hal_msp.o
 .ARM.attributes
                0x00000000000000d1       0x2d Core/Src/stm32f1xx_it.o
 .ARM.attributes
                0x00000000000000fe       0x2d Core/Src/system_stm32f1xx.o
 .ARM.attributes
                0x000000000000012b       0x21 Core/Startup/startup_stm32f103c8tx.o
 .ARM.attributes
                0x000000000000014c       0x2d Drivers/STM32F1xx_HAL_Driver/Src/stm32f1xx_hal.o
 .ARM.attributes
                0x0000000000000179       0x2d Drivers/STM32F1xx_HAL_Driver/Src/stm32f1xx_hal_cortex.o
 .ARM.attributes
                0x00000000000001a6       0x2d Drivers/STM32F1xx_HAL_Driver/Src/stm32f1xx_hal_dma.o
 .ARM.attributes
                0x00000000000001d3       0x2d Drivers/STM32F1xx_HAL_Driver/Src/stm32f1xx_hal_gpio.o
 .ARM.attributes
                0x0000000000000200       0x2d Drivers/STM32F1xx_HAL_Driver/Src/stm32f1xx_hal_rcc.o
 .ARM.attributes
                0x000000000000022d       0x2d Drivers/STM32F1xx_HAL_Driver/Src/stm32f1xx_hal_spi.o
 .ARM.attributes
                0x000000000000025a       0x2d Drivers/STM32F1xx_HAL_Driver/Src/stm32f1xx_hal_tim.o
 .ARM.attributes
                0x0000000000000287       0x2d Drivers/STM32F1xx_HAL_Driver/Src/stm32f1xx_hal_tim_ex.o
 .ARM.attributes
                0x00000000000002b4       0x2d Drivers/STM32F1xx_HAL_Driver/Src/stm32f1xx_hal_uart.o
 .ARM.attributes
                0x00000000000002e1       0x2d c:/st/stm32cubeide_1.6.1/stm32cubeide/plugins/com.st.stm32cube.ide.mcu.externaltools.gnu-tools-for-stm32.9-2020-q2-update.win32_1.5.0.202011040924/tools/bin/../lib/gcc/arm-none-eabi/9.3.1/../../../../arm-none-eabi/lib/thumb/v7-m/nofp\libc_nano.a(lib_a-init.o)
 .ARM.attributes
                0x000000000000030e       0x2d c:/st/stm32cubeide_1.6.1/stm32cubeide/plugins/com.st.stm32cube.ide.mcu.externaltools.gnu-tools-for-stm32.9-2020-q2-update.win32_1.5.0.202011040924/tools/bin/../lib/gcc/arm-none-eabi/9.3.1/../../../../arm-none-eabi/lib/thumb/v7-m/nofp\libc_nano.a(lib_a-memset.o)
 .ARM.attributes
                0x000000000000033b       0x1b c:/st/stm32cubeide_1.6.1/stm32cubeide/plugins/com.st.stm32cube.ide.mcu.externaltools.gnu-tools-for-stm32.9-2020-q2-update.win32_1.5.0.202011040924/tools/bin/../lib/gcc/arm-none-eabi/9.3.1/../../../../arm-none-eabi/lib/thumb/v7-m/nofp\libc_nano.a(lib_a-strcmp.o)
 .ARM.attributes
                0x0000000000000356       0x1d c:/st/stm32cubeide_1.6.1/stm32cubeide/plugins/com.st.stm32cube.ide.mcu.externaltools.gnu-tools-for-stm32.9-2020-q2-update.win32_1.5.0.202011040924/tools/bin/../lib/gcc/arm-none-eabi/9.3.1/thumb/v7-m/nofp/crtn.o
OUTPUT(Master.elf elf32-littlearm)
LOAD linker stubs
LOAD c:/st/stm32cubeide_1.6.1/stm32cubeide/plugins/com.st.stm32cube.ide.mcu.externaltools.gnu-tools-for-stm32.9-2020-q2-update.win32_1.5.0.202011040924/tools/bin/../lib/gcc/arm-none-eabi/9.3.1/../../../../arm-none-eabi/lib/thumb/v7-m/nofp\libc.a
LOAD c:/st/stm32cubeide_1.6.1/stm32cubeide/plugins/com.st.stm32cube.ide.mcu.externaltools.gnu-tools-for-stm32.9-2020-q2-update.win32_1.5.0.202011040924/tools/bin/../lib/gcc/arm-none-eabi/9.3.1/../../../../arm-none-eabi/lib/thumb/v7-m/nofp\libm.a
LOAD c:/st/stm32cubeide_1.6.1/stm32cubeide/plugins/com.st.stm32cube.ide.mcu.externaltools.gnu-tools-for-stm32.9-2020-q2-update.win32_1.5.0.202011040924/tools/bin/../lib/gcc/arm-none-eabi/9.3.1/thumb/v7-m/nofp\libgcc.a

.debug_info     0x0000000000000000     0xde7a
 .debug_info    0x0000000000000000     0x1cd3 Core/Src/main.o
 .debug_info    0x0000000000001cd3      0xd98 Core/Src/rc522.o
 .debug_info    0x0000000000002a6b     0x10fc Core/Src/stm32f1xx_hal_msp.o
 .debug_info    0x0000000000003b67      0xc97 Core/Src/stm32f1xx_it.o
 .debug_info    0x00000000000047fe      0x2be Core/Src/system_stm32f1xx.o
 .debug_info    0x0000000000004abc       0x22 Core/Startup/startup_stm32f103c8tx.o
 .debug_info    0x0000000000004ade      0x76a Drivers/STM32F1xx_HAL_Driver/Src/stm32f1xx_hal.o
 .debug_info    0x0000000000005248      0xbdc Drivers/STM32F1xx_HAL_Driver/Src/stm32f1xx_hal_cortex.o
 .debug_info    0x0000000000005e24      0x81e Drivers/STM32F1xx_HAL_Driver/Src/stm32f1xx_hal_dma.o
 .debug_info    0x0000000000006642      0x701 Drivers/STM32F1xx_HAL_Driver/Src/stm32f1xx_hal_gpio.o
 .debug_info    0x0000000000006d43      0x88e Drivers/STM32F1xx_HAL_Driver/Src/stm32f1xx_hal_rcc.o
 .debug_info    0x00000000000075d1     0x16af Drivers/STM32F1xx_HAL_Driver/Src/stm32f1xx_hal_spi.o
 .debug_info    0x0000000000008c80     0x2a43 Drivers/STM32F1xx_HAL_Driver/Src/stm32f1xx_hal_tim.o
 .debug_info    0x000000000000b6c3     0x1495 Drivers/STM32F1xx_HAL_Driver/Src/stm32f1xx_hal_tim_ex.o
 .debug_info    0x000000000000cb58     0x1322 Drivers/STM32F1xx_HAL_Driver/Src/stm32f1xx_hal_uart.o

.debug_abbrev   0x0000000000000000     0x1fa1
 .debug_abbrev  0x0000000000000000      0x309 Core/Src/main.o
 .debug_abbrev  0x0000000000000309      0x26a Core/Src/rc522.o
 .debug_abbrev  0x0000000000000573      0x222 Core/Src/stm32f1xx_hal_msp.o
 .debug_abbrev  0x0000000000000795      0x187 Core/Src/stm32f1xx_it.o
 .debug_abbrev  0x000000000000091c      0x14e Core/Src/system_stm32f1xx.o
 .debug_abbrev  0x0000000000000a6a       0x12 Core/Startup/startup_stm32f103c8tx.o
 .debug_abbrev  0x0000000000000a7c      0x1ed Drivers/STM32F1xx_HAL_Driver/Src/stm32f1xx_hal.o
 .debug_abbrev  0x0000000000000c69      0x313 Drivers/STM32F1xx_HAL_Driver/Src/stm32f1xx_hal_cortex.o
 .debug_abbrev  0x0000000000000f7c      0x228 Drivers/STM32F1xx_HAL_Driver/Src/stm32f1xx_hal_dma.o
 .debug_abbrev  0x00000000000011a4      0x1e8 Drivers/STM32F1xx_HAL_Driver/Src/stm32f1xx_hal_gpio.o
 .debug_abbrev  0x000000000000138c      0x273 Drivers/STM32F1xx_HAL_Driver/Src/stm32f1xx_hal_rcc.o
 .debug_abbrev  0x00000000000015ff      0x26e Drivers/STM32F1xx_HAL_Driver/Src/stm32f1xx_hal_spi.o
 .debug_abbrev  0x000000000000186d      0x25e Drivers/STM32F1xx_HAL_Driver/Src/stm32f1xx_hal_tim.o
 .debug_abbrev  0x0000000000001acb      0x266 Drivers/STM32F1xx_HAL_Driver/Src/stm32f1xx_hal_tim_ex.o
 .debug_abbrev  0x0000000000001d31      0x270 Drivers/STM32F1xx_HAL_Driver/Src/stm32f1xx_hal_uart.o

.debug_aranges  0x0000000000000000      0xe88
 .debug_aranges
                0x0000000000000000       0x88 Core/Src/main.o
 .debug_aranges
                0x0000000000000088       0xc8 Core/Src/rc522.o
 .debug_aranges
                0x0000000000000150       0x50 Core/Src/stm32f1xx_hal_msp.o
 .debug_aranges
                0x00000000000001a0       0x78 Core/Src/stm32f1xx_it.o
 .debug_aranges
                0x0000000000000218       0x28 Core/Src/system_stm32f1xx.o
 .debug_aranges
                0x0000000000000240       0x28 Core/Startup/startup_stm32f103c8tx.o
 .debug_aranges
                0x0000000000000268       0xe0 Drivers/STM32F1xx_HAL_Driver/Src/stm32f1xx_hal.o
 .debug_aranges
                0x0000000000000348      0x100 Drivers/STM32F1xx_HAL_Driver/Src/stm32f1xx_hal_cortex.o
 .debug_aranges
                0x0000000000000448       0x80 Drivers/STM32F1xx_HAL_Driver/Src/stm32f1xx_hal_dma.o
 .debug_aranges
                0x00000000000004c8       0x58 Drivers/STM32F1xx_HAL_Driver/Src/stm32f1xx_hal_gpio.o
 .debug_aranges
                0x0000000000000520       0x90 Drivers/STM32F1xx_HAL_Driver/Src/stm32f1xx_hal_rcc.o
 .debug_aranges
                0x00000000000005b0      0x1d0 Drivers/STM32F1xx_HAL_Driver/Src/stm32f1xx_hal_spi.o
 .debug_aranges
                0x0000000000000780      0x3d0 Drivers/STM32F1xx_HAL_Driver/Src/stm32f1xx_hal_tim.o
 .debug_aranges
                0x0000000000000b50      0x168 Drivers/STM32F1xx_HAL_Driver/Src/stm32f1xx_hal_tim_ex.o
 .debug_aranges
                0x0000000000000cb8      0x1d0 Drivers/STM32F1xx_HAL_Driver/Src/stm32f1xx_hal_uart.o

.debug_ranges   0x0000000000000000      0xda0
 .debug_ranges  0x0000000000000000       0x78 Core/Src/main.o
 .debug_ranges  0x0000000000000078       0xb8 Core/Src/rc522.o
 .debug_ranges  0x0000000000000130       0x40 Core/Src/stm32f1xx_hal_msp.o
 .debug_ranges  0x0000000000000170       0x68 Core/Src/stm32f1xx_it.o
 .debug_ranges  0x00000000000001d8       0x18 Core/Src/system_stm32f1xx.o
 .debug_ranges  0x00000000000001f0       0x20 Core/Startup/startup_stm32f103c8tx.o
 .debug_ranges  0x0000000000000210       0xd0 Drivers/STM32F1xx_HAL_Driver/Src/stm32f1xx_hal.o
 .debug_ranges  0x00000000000002e0       0xf0 Drivers/STM32F1xx_HAL_Driver/Src/stm32f1xx_hal_cortex.o
 .debug_ranges  0x00000000000003d0       0x70 Drivers/STM32F1xx_HAL_Driver/Src/stm32f1xx_hal_dma.o
 .debug_ranges  0x0000000000000440       0x48 Drivers/STM32F1xx_HAL_Driver/Src/stm32f1xx_hal_gpio.o
 .debug_ranges  0x0000000000000488       0x80 Drivers/STM32F1xx_HAL_Driver/Src/stm32f1xx_hal_rcc.o
 .debug_ranges  0x0000000000000508      0x1c0 Drivers/STM32F1xx_HAL_Driver/Src/stm32f1xx_hal_spi.o
 .debug_ranges  0x00000000000006c8      0x3c0 Drivers/STM32F1xx_HAL_Driver/Src/stm32f1xx_hal_tim.o
 .debug_ranges  0x0000000000000a88      0x158 Drivers/STM32F1xx_HAL_Driver/Src/stm32f1xx_hal_tim_ex.o
 .debug_ranges  0x0000000000000be0      0x1c0 Drivers/STM32F1xx_HAL_Driver/Src/stm32f1xx_hal_uart.o

.debug_macro    0x0000000000000000    0x17bcc
 .debug_macro   0x0000000000000000      0x293 Core/Src/main.o
 .debug_macro   0x0000000000000293      0xa9c Core/Src/main.o
 .debug_macro   0x0000000000000d2f      0x221 Core/Src/main.o
 .debug_macro   0x0000000000000f50       0x2e Core/Src/main.o
 .debug_macro   0x0000000000000f7e       0x22 Core/Src/main.o
 .debug_macro   0x0000000000000fa0       0x22 Core/Src/main.o
 .debug_macro   0x0000000000000fc2       0x8e Core/Src/main.o
 .debug_macro   0x0000000000001050       0x51 Core/Src/main.o
 .debug_macro   0x00000000000010a1      0x103 Core/Src/main.o
 .debug_macro   0x00000000000011a4       0x6a Core/Src/main.o
 .debug_macro   0x000000000000120e      0x1df Core/Src/main.o
 .debug_macro   0x00000000000013ed       0x1c Core/Src/main.o
 .debug_macro   0x0000000000001409       0x22 Core/Src/main.o
 .debug_macro   0x000000000000142b       0xc3 Core/Src/main.o
 .debug_macro   0x00000000000014ee      0xd23 Core/Src/main.o
 .debug_macro   0x0000000000002211     0xe097 Core/Src/main.o
 .debug_macro   0x00000000000102a8       0x43 Core/Src/main.o
 .debug_macro   0x00000000000102eb     0x3468 Core/Src/main.o
 .debug_macro   0x0000000000013753      0x174 Core/Src/main.o
 .debug_macro   0x00000000000138c7       0x5c Core/Src/main.o
 .debug_macro   0x0000000000013923      0x5be Core/Src/main.o
 .debug_macro   0x0000000000013ee1      0x289 Core/Src/main.o
 .debug_macro   0x000000000001416a      0x1cb Core/Src/main.o
 .debug_macro   0x0000000000014335      0x114 Core/Src/main.o
 .debug_macro   0x0000000000014449      0x1b2 Core/Src/main.o
 .debug_macro   0x00000000000145fb       0x27 Core/Src/main.o
 .debug_macro   0x0000000000014622      0x136 Core/Src/main.o
 .debug_macro   0x0000000000014758      0x1bc Core/Src/main.o
 .debug_macro   0x0000000000014914       0x34 Core/Src/main.o
 .debug_macro   0x0000000000014948       0x3c Core/Src/main.o
 .debug_macro   0x0000000000014984       0x57 Core/Src/main.o
 .debug_macro   0x00000000000149db       0x88 Core/Src/main.o
 .debug_macro   0x0000000000014a63      0x241 Core/Src/main.o
 .debug_macro   0x0000000000014ca4      0x141 Core/Src/main.o
 .debug_macro   0x0000000000014de5      0x217 Core/Src/main.o
 .debug_macro   0x0000000000014ffc      0x8d1 Core/Src/main.o
 .debug_macro   0x00000000000158cd      0x26b Core/Src/main.o
 .debug_macro   0x0000000000015b38       0x83 Core/Src/main.o
 .debug_macro   0x0000000000015bbb       0x28 Core/Src/main.o
 .debug_macro   0x0000000000015be3      0x226 Core/Src/main.o
 .debug_macro   0x0000000000015e09       0x52 Core/Src/main.o
 .debug_macro   0x0000000000015e5b       0x18 Core/Src/main.o
 .debug_macro   0x0000000000015e73       0x3c Core/Src/main.o
 .debug_macro   0x0000000000015eaf       0x34 Core/Src/main.o
 .debug_macro   0x0000000000015ee3       0x16 Core/Src/main.o
 .debug_macro   0x0000000000015ef9       0x43 Core/Src/main.o
 .debug_macro   0x0000000000015f3c       0x34 Core/Src/main.o
 .debug_macro   0x0000000000015f70       0x10 Core/Src/main.o
 .debug_macro   0x0000000000015f80       0x58 Core/Src/main.o
 .debug_macro   0x0000000000015fd8       0x71 Core/Src/main.o
 .debug_macro   0x0000000000016049       0x1c Core/Src/main.o
 .debug_macro   0x0000000000016065      0x12a Core/Src/main.o
 .debug_macro   0x000000000001618f      0x333 Core/Src/main.o
 .debug_macro   0x00000000000164c2       0x10 Core/Src/main.o
 .debug_macro   0x00000000000164d2       0x35 Core/Src/main.o
 .debug_macro   0x0000000000016507       0x20 Core/Src/main.o
 .debug_macro   0x0000000000016527      0x1b6 Core/Src/rc522.o
 .debug_macro   0x00000000000166dd      0x1bc Core/Src/stm32f1xx_hal_msp.o
 .debug_macro   0x0000000000016899      0x1c6 Core/Src/stm32f1xx_it.o
 .debug_macro   0x0000000000016a5f      0x1ad Core/Src/system_stm32f1xx.o
 .debug_macro   0x0000000000016c0c      0x1d1 Drivers/STM32F1xx_HAL_Driver/Src/stm32f1xx_hal.o
 .debug_macro   0x0000000000016ddd      0x1ad Drivers/STM32F1xx_HAL_Driver/Src/stm32f1xx_hal_cortex.o
 .debug_macro   0x0000000000016f8a      0x1ad Drivers/STM32F1xx_HAL_Driver/Src/stm32f1xx_hal_dma.o
 .debug_macro   0x0000000000017137      0x218 Drivers/STM32F1xx_HAL_Driver/Src/stm32f1xx_hal_gpio.o
 .debug_macro   0x000000000001734f      0x1bf Drivers/STM32F1xx_HAL_Driver/Src/stm32f1xx_hal_rcc.o
 .debug_macro   0x000000000001750e      0x1b5 Drivers/STM32F1xx_HAL_Driver/Src/stm32f1xx_hal_spi.o
 .debug_macro   0x00000000000176c3      0x1ae Drivers/STM32F1xx_HAL_Driver/Src/stm32f1xx_hal_tim.o
 .debug_macro   0x0000000000017871      0x1ad Drivers/STM32F1xx_HAL_Driver/Src/stm32f1xx_hal_tim_ex.o
 .debug_macro   0x0000000000017a1e      0x1ae Drivers/STM32F1xx_HAL_Driver/Src/stm32f1xx_hal_uart.o

.debug_line     0x0000000000000000     0xe8c2
 .debug_line    0x0000000000000000      0xc78 Core/Src/main.o
 .debug_line    0x0000000000000c78      0xc7c Core/Src/rc522.o
 .debug_line    0x00000000000018f4      0x7ae Core/Src/stm32f1xx_hal_msp.o
 .debug_line    0x00000000000020a2      0x79e Core/Src/stm32f1xx_it.o
 .debug_line    0x0000000000002840      0x712 Core/Src/system_stm32f1xx.o
 .debug_line    0x0000000000002f52       0x84 Core/Startup/startup_stm32f103c8tx.o
 .debug_line    0x0000000000002fd6      0x93f Drivers/STM32F1xx_HAL_Driver/Src/stm32f1xx_hal.o
 .debug_line    0x0000000000003915      0xb27 Drivers/STM32F1xx_HAL_Driver/Src/stm32f1xx_hal_cortex.o
 .debug_line    0x000000000000443c      0xd97 Drivers/STM32F1xx_HAL_Driver/Src/stm32f1xx_hal_dma.o
 .debug_line    0x00000000000051d3      0x9d6 Drivers/STM32F1xx_HAL_Driver/Src/stm32f1xx_hal_gpio.o
 .debug_line    0x0000000000005ba9      0xd4d Drivers/STM32F1xx_HAL_Driver/Src/stm32f1xx_hal_rcc.o
 .debug_line    0x00000000000068f6     0x1bb7 Drivers/STM32F1xx_HAL_Driver/Src/stm32f1xx_hal_spi.o
 .debug_line    0x00000000000084ad     0x32e7 Drivers/STM32F1xx_HAL_Driver/Src/stm32f1xx_hal_tim.o
 .debug_line    0x000000000000b794     0x19e5 Drivers/STM32F1xx_HAL_Driver/Src/stm32f1xx_hal_tim_ex.o
 .debug_line    0x000000000000d179     0x1749 Drivers/STM32F1xx_HAL_Driver/Src/stm32f1xx_hal_uart.o

.debug_str      0x0000000000000000    0x8b80a
 .debug_str     0x0000000000000000    0x88886 Core/Src/main.o
                                      0x88dad (size before relaxing)
 .debug_str     0x0000000000088886      0x277 Core/Src/rc522.o
                                      0x852a2 (size before relaxing)
 .debug_str     0x0000000000088afd       0xdb Core/Src/stm32f1xx_hal_msp.o
                                      0x84fe2 (size before relaxing)
 .debug_str     0x0000000000088bd8       0xef Core/Src/stm32f1xx_it.o
                                      0x84ca5 (size before relaxing)
 .debug_str     0x0000000000088cc7       0x52 Core/Src/system_stm32f1xx.o
                                      0x843b0 (size before relaxing)
 .debug_str     0x0000000000088d19       0x36 Core/Startup/startup_stm32f103c8tx.o
                                         0x6b (size before relaxing)
 .debug_str     0x0000000000088d4f      0x2fa Drivers/STM32F1xx_HAL_Driver/Src/stm32f1xx_hal.o
                                      0x84a41 (size before relaxing)
 .debug_str     0x0000000000089049      0x300 Drivers/STM32F1xx_HAL_Driver/Src/stm32f1xx_hal_cortex.o
                                      0x84a49 (size before relaxing)
 .debug_str     0x0000000000089349      0x230 Drivers/STM32F1xx_HAL_Driver/Src/stm32f1xx_hal_dma.o
                                      0x8478b (size before relaxing)
 .debug_str     0x0000000000089579      0x31f Drivers/STM32F1xx_HAL_Driver/Src/stm32f1xx_hal_gpio.o
                                      0x84774 (size before relaxing)
 .debug_str     0x0000000000089898      0x24f Drivers/STM32F1xx_HAL_Driver/Src/stm32f1xx_hal_rcc.o
                                      0x847ad (size before relaxing)
 .debug_str     0x0000000000089ae7      0x549 Drivers/STM32F1xx_HAL_Driver/Src/stm32f1xx_hal_spi.o
                                      0x84cb5 (size before relaxing)
 .debug_str     0x000000000008a030      0xdbd Drivers/STM32F1xx_HAL_Driver/Src/stm32f1xx_hal_tim.o
                                      0x8577f (size before relaxing)
 .debug_str     0x000000000008aded      0x517 Drivers/STM32F1xx_HAL_Driver/Src/stm32f1xx_hal_tim_ex.o
                                      0x84f59 (size before relaxing)
 .debug_str     0x000000000008b304      0x506 Drivers/STM32F1xx_HAL_Driver/Src/stm32f1xx_hal_uart.o
                                      0x84cb3 (size before relaxing)

.comment        0x0000000000000000       0x53
 .comment       0x0000000000000000       0x53 Core/Src/main.o
                                         0x54 (size before relaxing)
 .comment       0x0000000000000053       0x54 Core/Src/rc522.o
 .comment       0x0000000000000053       0x54 Core/Src/stm32f1xx_hal_msp.o
 .comment       0x0000000000000053       0x54 Core/Src/stm32f1xx_it.o
 .comment       0x0000000000000053       0x54 Core/Src/system_stm32f1xx.o
 .comment       0x0000000000000053       0x54 Drivers/STM32F1xx_HAL_Driver/Src/stm32f1xx_hal.o
 .comment       0x0000000000000053       0x54 Drivers/STM32F1xx_HAL_Driver/Src/stm32f1xx_hal_cortex.o
 .comment       0x0000000000000053       0x54 Drivers/STM32F1xx_HAL_Driver/Src/stm32f1xx_hal_dma.o
 .comment       0x0000000000000053       0x54 Drivers/STM32F1xx_HAL_Driver/Src/stm32f1xx_hal_gpio.o
 .comment       0x0000000000000053       0x54 Drivers/STM32F1xx_HAL_Driver/Src/stm32f1xx_hal_rcc.o
 .comment       0x0000000000000053       0x54 Drivers/STM32F1xx_HAL_Driver/Src/stm32f1xx_hal_spi.o
 .comment       0x0000000000000053       0x54 Drivers/STM32F1xx_HAL_Driver/Src/stm32f1xx_hal_tim.o
 .comment       0x0000000000000053       0x54 Drivers/STM32F1xx_HAL_Driver/Src/stm32f1xx_hal_tim_ex.o
 .comment       0x0000000000000053       0x54 Drivers/STM32F1xx_HAL_Driver/Src/stm32f1xx_hal_uart.o

.debug_frame    0x0000000000000000     0x3d40
 .debug_frame   0x0000000000000000      0x1d8 Core/Src/main.o
 .debug_frame   0x00000000000001d8      0x324 Core/Src/rc522.o
 .debug_frame   0x00000000000004fc      0x114 Core/Src/stm32f1xx_hal_msp.o
 .debug_frame   0x0000000000000610      0x158 Core/Src/stm32f1xx_it.o
 .debug_frame   0x0000000000000768       0x58 Core/Src/system_stm32f1xx.o
 .debug_frame   0x00000000000007c0      0x334 Drivers/STM32F1xx_HAL_Driver/Src/stm32f1xx_hal.o
 .debug_frame   0x0000000000000af4      0x428 Drivers/STM32F1xx_HAL_Driver/Src/stm32f1xx_hal_cortex.o
 .debug_frame   0x0000000000000f1c      0x208 Drivers/STM32F1xx_HAL_Driver/Src/stm32f1xx_hal_dma.o
 .debug_frame   0x0000000000001124      0x14c Drivers/STM32F1xx_HAL_Driver/Src/stm32f1xx_hal_gpio.o
 .debug_frame   0x0000000000001270      0x21c Drivers/STM32F1xx_HAL_Driver/Src/stm32f1xx_hal_rcc.o
 .debug_frame   0x000000000000148c      0x824 Drivers/STM32F1xx_HAL_Driver/Src/stm32f1xx_hal_spi.o
 .debug_frame   0x0000000000001cb0     0x11b8 Drivers/STM32F1xx_HAL_Driver/Src/stm32f1xx_hal_tim.o
 .debug_frame   0x0000000000002e68      0x638 Drivers/STM32F1xx_HAL_Driver/Src/stm32f1xx_hal_tim_ex.o
 .debug_frame   0x00000000000034a0      0x834 Drivers/STM32F1xx_HAL_Driver/Src/stm32f1xx_hal_uart.o
 .debug_frame   0x0000000000003cd4       0x2c c:/st/stm32cubeide_1.6.1/stm32cubeide/plugins/com.st.stm32cube.ide.mcu.externaltools.gnu-tools-for-stm32.9-2020-q2-update.win32_1.5.0.202011040924/tools/bin/../lib/gcc/arm-none-eabi/9.3.1/../../../../arm-none-eabi/lib/thumb/v7-m/nofp\libc_nano.a(lib_a-init.o)
 .debug_frame   0x0000000000003d00       0x20 c:/st/stm32cubeide_1.6.1/stm32cubeide/plugins/com.st.stm32cube.ide.mcu.externaltools.gnu-tools-for-stm32.9-2020-q2-update.win32_1.5.0.202011040924/tools/bin/../lib/gcc/arm-none-eabi/9.3.1/../../../../arm-none-eabi/lib/thumb/v7-m/nofp\libc_nano.a(lib_a-memset.o)
 .debug_frame   0x0000000000003d20       0x20 c:/st/stm32cubeide_1.6.1/stm32cubeide/plugins/com.st.stm32cube.ide.mcu.externaltools.gnu-tools-for-stm32.9-2020-q2-update.win32_1.5.0.202011040924/tools/bin/../lib/gcc/arm-none-eabi/9.3.1/../../../../arm-none-eabi/lib/thumb/v7-m/nofp\libc_nano.a(lib_a-strcmp.o)
