main.c:88:6:HAL_UART_RxCpltCallback	16	static
main.c:157:6:HAL_TIM_PeriodElapsedCallback	24	static
main.c:178:6:TxUARTSetup	16	static
main.c:207:6:TxSPISetup	16	static
main.c:270:6:RxSPISetup	4	static
main.c:286:5:main	8	static
main.c:363:6:SystemClock_Config	72	static
main.c:401:13:MX_NVIC_Init	8	static
main.c:419:13:MX_SPI1_Init	8	static
main.c:457:13:MX_SPI2_Init	8	static
main.c:495:13:MX_TIM2_Init	32	static
main.c:540:13:MX_USART3_UART_Init	8	static
main.c:573:13:MX_GPIO_Init	40	static
main.c:623:6:Error_Handler	4	static,ignoring_inline_asm
